"276-expr-labels-fwd.s", WARNING! at line 2: [W1500] warning:  relocation
                                                     template 275 not found;
                                                     returning OFR_INVALID
	back:	.word fwd-back, later-back

"276-expr-labels-fwd.s", WARNING! at line 2: [W1500] warning:  relocation
                                                     template 275 not found;
                                                     returning OFR_INVALID
	back:	.word fwd-back, later-back

"276-expr-labels-fwd.s", WARNING! at line 2: [W1500] warning:  relocation
                                                     template 259 not found;
                                                     returning OFR_INVALID
	back:	.word fwd-back, later-back

"276-expr-labels-fwd.s", WARNING! at line 2: [W1500] warning:  relocation
                                                     template 275 not found;
                                                     returning OFR_INVALID
	back:	.word fwd-back, later-back

"276-expr-labels-fwd.s", WARNING! at line 2: [W1500] warning:  relocation
                                                     template 275 not found;
                                                     returning OFR_INVALID
	back:	.word fwd-back, later-back

"276-expr-labels-fwd.s", WARNING! at line 2: [W1500] warning:  relocation
                                                     template 259 not found;
                                                     returning OFR_INVALID
	back:	.word fwd-back, later-back

"276-expr-labels-fwd.s", ERROR!   at line 2: [E0200] Unable to resolve this
                                                     relocatable expression;
                                                     relocation support for
                                                     arbitrary expressions is
                                                     not available in the C6000
                                                     EABI
	back:	.word fwd-back, later-back

"276-expr-labels-fwd.s", WARNING! at line 2: [W1500] warning:  relocation
                                                     template 280 not found;
                                                     returning OFR_INVALID
	back:	.word fwd-back, later-back

"276-expr-labels-fwd.s", ERROR!   at line 2: [E0200] Unable to resolve this
                                                     relocatable expression;
                                                     relocation support for
                                                     arbitrary expressions is
                                                     not available in the C6000
                                                     EABI
	back:	.word fwd-back, later-back

"276-expr-labels-fwd.s", WARNING! at line 2: [W1500] warning:  relocation
                                                     template 280 not found;
                                                     returning OFR_INVALID
	back:	.word fwd-back, later-back

2 Assembly Errors, 8 Assembly Warnings

Errors in Source - Assembler Aborted

>> Compilation failure
