"283-expr-cross-section-diff.s", WARNING! at line 6: [W1500] warning: 
                                                             relocation
                                                             template 275 not
                                                             found; returning
                                                             OFR_INVALID
		.word t-d

"283-expr-cross-section-diff.s", WARNING! at line 6: [W1500] warning: 
                                                             relocation
                                                             template 275 not
                                                             found; returning
                                                             OFR_INVALID
		.word t-d

"283-expr-cross-section-diff.s", WARNING! at line 6: [W1500] warning: 
                                                             relocation
                                                             template 259 not
                                                             found; returning
                                                             OFR_INVALID
		.word t-d

"283-expr-cross-section-diff.s", ERROR!   at line 6: [E0200] Unable to resolve
                                                             this relocatable
                                                             expression;
                                                             relocation support
                                                             for arbitrary
                                                             expressions is not
                                                             available in the
                                                             C6000 EABI
		.word t-d

"283-expr-cross-section-diff.s", WARNING! at line 6: [W1500] warning: 
                                                             relocation
                                                             template 280 not
                                                             found; returning
                                                             OFR_INVALID
		.word t-d

1 Assembly Error, 4 Assembly Warnings

Errors in Source - Assembler Aborted

>> Compilation failure
