"415-reloc-half-diff.s", WARNING! at line 3: [W1500] warning:  relocation
                                                     template 275 not found;
                                                     returning OFR_INVALID
	e:	.half e-b, b-e

"415-reloc-half-diff.s", WARNING! at line 3: [W1500] warning:  relocation
                                                     template 275 not found;
                                                     returning OFR_INVALID
	e:	.half e-b, b-e

"415-reloc-half-diff.s", WARNING! at line 3: [W1500] warning:  relocation
                                                     template 259 not found;
                                                     returning OFR_INVALID
	e:	.half e-b, b-e

"415-reloc-half-diff.s", WARNING! at line 3: [W1500] warning:  relocation
                                                     template 275 not found;
                                                     returning OFR_INVALID
	e:	.half e-b, b-e

"415-reloc-half-diff.s", WARNING! at line 3: [W1500] warning:  relocation
                                                     template 275 not found;
                                                     returning OFR_INVALID
	e:	.half e-b, b-e

"415-reloc-half-diff.s", WARNING! at line 3: [W1500] warning:  relocation
                                                     template 259 not found;
                                                     returning OFR_INVALID
	e:	.half e-b, b-e

"415-reloc-half-diff.s", ERROR!   at line 3: [E0200] Unable to resolve this
                                                     relocatable expression;
                                                     relocation support for
                                                     arbitrary expressions is
                                                     not available in the C6000
                                                     EABI
	e:	.half e-b, b-e

"415-reloc-half-diff.s", WARNING! at line 3: [W1500] warning:  relocation
                                                     template 280 not found;
                                                     returning OFR_INVALID
	e:	.half e-b, b-e

"415-reloc-half-diff.s", ERROR!   at line 3: [E0200] Unable to resolve this
                                                     relocatable expression;
                                                     relocation support for
                                                     arbitrary expressions is
                                                     not available in the C6000
                                                     EABI
	e:	.half e-b, b-e

"415-reloc-half-diff.s", WARNING! at line 3: [W1500] warning:  relocation
                                                     template 280 not found;
                                                     returning OFR_INVALID
	e:	.half e-b, b-e

2 Assembly Errors, 8 Assembly Warnings

Errors in Source - Assembler Aborted

>> Compilation failure
