"429-reloc-two-operators.s", WARNING! at line 7: [W1500] warning:  relocation
                                                         template 275 not
                                                         found; returning
                                                         OFR_INVALID
		.word $EXTAB_LP(lp)+$EXIDX_FUNC(f)

"429-reloc-two-operators.s", WARNING! at line 7: [W1500] warning:  relocation
                                                         template 275 not
                                                         found; returning
                                                         OFR_INVALID
		.word $EXTAB_LP(lp)+$EXIDX_FUNC(f)

"429-reloc-two-operators.s", WARNING! at line 7: [W1500] warning:  relocation
                                                         template 258 not
                                                         found; returning
                                                         OFR_INVALID
		.word $EXTAB_LP(lp)+$EXIDX_FUNC(f)

"429-reloc-two-operators.s", ERROR!   at line 7: [E0200] Unable to resolve this
                                                         relocatable
                                                         expression; relocation
                                                         support for arbitrary
                                                         expressions is not
                                                         available in the C6000
                                                         EABI
		.word $EXTAB_LP(lp)+$EXIDX_FUNC(f)

"429-reloc-two-operators.s", WARNING! at line 7: [W1500] warning:  relocation
                                                         template 280 not
                                                         found; returning
                                                         OFR_INVALID
		.word $EXTAB_LP(lp)+$EXIDX_FUNC(f)

1 Assembly Error, 4 Assembly Warnings

Errors in Source - Assembler Aborted

>> Compilation failure
